// Jest Snapshot v1, https://goo.gl/fbAQLP

exports[`GridCard should match snapshot Main 1`] = `
.emotion-0 {
  width: 500px;
  height: 400px;
}

.emotion-1 {
  box-shadow: rgba(146, 31, 237, 1);
  border-radius: 20px;
  box-shadow: 6px 6px 0px 0px rgba(0, 0, 0, 1);
  -webkit-transition: box-shadow 0.3s ease-in-out;
  transition: box-shadow 0.3s ease-in-out;
  height: 100%;
}

.emotion-1:hover {
  box-shadow: 6px 6px 8px 0px rgba(25, 118, 210, 1);
}

.emotion-1:active {
  box-shadow: 6px 6px 8px 0px rgba(25, 118, 210, 1);
}

.emotion-2 {
  background-color: #fff;
  color: rgba(0, 0, 0, 0.87);
  -webkit-transition: box-shadow 300ms cubic-bezier(0.4, 0, 0.2, 1) 0ms;
  transition: box-shadow 300ms cubic-bezier(0.4, 0, 0.2, 1) 0ms;
  border-radius: 4px;
  box-shadow: 0px 2px 1px -1px rgba(0,0,0,0.2),0px 1px 1px 0px rgba(0,0,0,0.14),0px 1px 3px 0px rgba(0,0,0,0.12);
  overflow: hidden;
  border-radius: 20px;
  box-shadow: none;
  position: relative;
  height: 100%;
}

.emotion-3 {
  display: block;
  -webkit-background-size: cover;
  background-size: cover;
  background-repeat: no-repeat;
  -webkit-background-position: center;
  background-position: center;
  width: 100%;
  object-fit: cover;
  height: 100%;
  object-fit: cover;
}

.emotion-4 {
  display: -webkit-box;
  display: -webkit-flex;
  display: -ms-flexbox;
  display: flex;
  -webkit-align-items: center;
  -webkit-box-align: center;
  -ms-flex-align: center;
  align-items: center;
  padding: 8px;
  display: -webkit-box;
  display: -webkit-flex;
  display: -ms-flexbox;
  display: flex;
  -webkit-flex-direction: column;
  -ms-flex-direction: column;
  flex-direction: column;
  -webkit-box-pack: justify;
  -webkit-justify-content: space-between;
  justify-content: space-between;
  padding: 24px 24px 20px 24px;
  position: absolute;
  top: 0;
  left: 0;
  right: 0;
  bottom: 0;
  width: 100%;
  height: 100%;
  background-color: transparent;
  -webkit-transition: background-color 0.3s ease-in-out;
  transition: background-color 0.3s ease-in-out;
}

.emotion-4>:not(:first-of-type) {
  margin-left: 8px;
}

.emotion-4:hover {
  background-color: rgba(0, 0, 0, 0.45);
}

.emotion-5 {
  display: -webkit-box;
  display: -webkit-flex;
  display: -ms-flexbox;
  display: flex;
  -webkit-box-pack: end;
  -ms-flex-pack: end;
  -webkit-justify-content: flex-end;
  justify-content: flex-end;
  width: 100%;
}

.emotion-6 {
  display: -webkit-inline-box;
  display: -webkit-inline-flex;
  display: -ms-inline-flexbox;
  display: inline-flex;
  -webkit-align-items: center;
  -webkit-box-align: center;
  -ms-flex-align: center;
  align-items: center;
  -webkit-box-pack: center;
  -ms-flex-pack: center;
  -webkit-justify-content: center;
  justify-content: center;
  position: relative;
  box-sizing: border-box;
  -webkit-tap-highlight-color: transparent;
  background-color: transparent;
  outline: 0;
  border: 0;
  margin: 0;
  border-radius: 0;
  padding: 0;
  cursor: pointer;
  -webkit-user-select: none;
  -moz-user-select: none;
  -ms-user-select: none;
  user-select: none;
  vertical-align: middle;
  -moz-appearance: none;
  -webkit-appearance: none;
  -webkit-text-decoration: none;
  text-decoration: none;
  color: inherit;
  text-align: center;
  -webkit-flex: 0 0 auto;
  -ms-flex: 0 0 auto;
  flex: 0 0 auto;
  font-size: 1.5rem;
  padding: 8px;
  border-radius: 50%;
  overflow: visible;
  color: rgba(0, 0, 0, 0.54);
  -webkit-transition: background-color 150ms cubic-bezier(0.4, 0, 0.2, 1) 0ms;
  transition: background-color 150ms cubic-bezier(0.4, 0, 0.2, 1) 0ms;
}

.emotion-6::-moz-focus-inner {
  border-style: none;
}

.emotion-6.Mui-disabled {
  pointer-events: none;
  cursor: default;
}

@media print {
  .emotion-6 {
    -webkit-print-color-adjust: exact;
    color-adjust: exact;
  }
}

.emotion-6:hover {
  background-color: rgba(0, 0, 0, 0.04);
}

@media (hover: none) {
  .emotion-6:hover {
    background-color: transparent;
  }
}

.emotion-6.Mui-disabled {
  background-color: transparent;
  color: rgba(0, 0, 0, 0.26);
}

.emotion-7 {
  overflow: hidden;
  pointer-events: none;
  position: absolute;
  z-index: 0;
  top: 0;
  right: 0;
  bottom: 0;
  left: 0;
  border-radius: inherit;
}

<div>
  <div
    class="MuiBox-root emotion-0"
  >
    <div
      class="MuiBox-root emotion-1"
    >
      <div
        class="MuiPaper-root MuiPaper-elevation MuiPaper-rounded MuiPaper-elevation1 MuiCard-root emotion-2"
      >
        <img
          alt="item"
          class="MuiCardMedia-root MuiCardMedia-media MuiCardMedia-img emotion-3"
          src="http://via.placeholder.com/640x360"
        />
        <div
          class="MuiCardActions-root MuiCardActions-spacing emotion-4"
        >
          <div
            class="MuiBox-root emotion-5"
          >
            <button
              aria-label="add to favorites"
              class="MuiButtonBase-root MuiIconButton-root MuiIconButton-sizeMedium emotion-6"
              tabindex="0"
              type="button"
            >
              <test-file-stub
                aria-hidden="true"
                classname="MuiSvgIcon-root MuiSvgIcon-fontSizeMedium css-i4bv87-MuiSvgIcon-root"
                focusable="false"
              />
              <span
                class="MuiTouchRipple-root emotion-7"
              />
            </button>
          </div>
        </div>
      </div>
    </div>
  </div>
</div>
`;
