// Jest Snapshot v1, https://goo.gl/fbAQLP

exports[`FavoritePage should match snapshot FavoritePage 1`] = `
@keyframes animation-0 {
  0% {
    -webkit-transform: rotate(0deg);
    -moz-transform: rotate(0deg);
    -ms-transform: rotate(0deg);
    transform: rotate(0deg);
  }

  100% {
    -webkit-transform: rotate(360deg);
    -moz-transform: rotate(360deg);
    -ms-transform: rotate(360deg);
    transform: rotate(360deg);
  }
}

@keyframes animation-1 {
  0% {
    stroke-dasharray: 1px,200px;
    stroke-dashoffset: 0;
  }

  50% {
    stroke-dasharray: 100px,200px;
    stroke-dashoffset: -15px;
  }

  100% {
    stroke-dasharray: 100px,200px;
    stroke-dashoffset: -125px;
  }
}

.emotion-0 {
  padding-top: 150px;
}

.emotion-1 {
  position: absolute;
  top: 0;
  right: 0;
  z-index: -1;
  max-width: 400px;
}

.emotion-1 img {
  width: 100%;
}

.emotion-2 {
  position: relative;
  max-width: 1200px;
  width: 100%;
  margin: 0 auto;
  padding: 0 15px;
}

.emotion-3 {
  display: -webkit-box;
  display: -webkit-flex;
  display: -ms-flexbox;
  display: flex;
  -webkit-box-pack: center;
  -ms-flex-pack: center;
  -webkit-justify-content: center;
  justify-content: center;
  -webkit-align-items: center;
  -webkit-box-align: center;
  -ms-flex-align: center;
  align-items: center;
  min-height: 400px;
}

.emotion-4 {
  display: inline-block;
  -webkit-animation: animation-0 1.4s linear infinite;
  animation: animation-0 1.4s linear infinite;
}

.emotion-5 {
  display: block;
}

.emotion-6 {
  stroke: currentColor;
  stroke-dasharray: 80px,200px;
  stroke-dashoffset: 0;
  -webkit-animation: animation-1 1.4s ease-in-out infinite;
  animation: animation-1 1.4s ease-in-out infinite;
}

.emotion-7 {
  position: absolute;
  left: 0;
  bottom: -24px;
  z-index: -1;
  max-width: 400px;
}

.emotion-7 img {
  width: 100%;
}

<div>
  <div
    class="MuiBox-root emotion-0"
  >
    <div
      class="MuiBox-root emotion-1"
    >
      <img
        alt=""
        src="test-file-stub"
      />
    </div>
    <div
      class="MuiBox-root emotion-2"
    >
      <div
        class="MuiBox-root emotion-3"
      >
        <span
          class="MuiCircularProgress-root MuiCircularProgress-indeterminate MuiCircularProgress-colorInherit emotion-4"
          role="progressbar"
          style="width: 40px; height: 40px;"
        >
          <svg
            class="MuiCircularProgress-svg emotion-5"
            viewBox="22 22 44 44"
          >
            <circle
              class="MuiCircularProgress-circle MuiCircularProgress-circleIndeterminate emotion-6"
              cx="44"
              cy="44"
              fill="none"
              r="20.2"
              stroke-width="3.6"
            />
          </svg>
        </span>
      </div>
    </div>
    <div
      class="MuiBox-root emotion-7"
    >
      <img
        alt=""
        src="test-file-stub"
      />
    </div>
  </div>
</div>
`;
